{
  "scope": "Execute documented experiments; matching published values is not required.",
  "completed": {
    "evalplus_frozen_164": {
      "tasks": 164,
      "bundles_verified": 164,
      "rounds_per_task": 4,
      "initial_tasks_with_passing_candidate": 55,
      "final_solved": 86.0,
      "summary_sha256": "745c59a11121d99c30bedf9ba66644aa81cc06014e460894c20e2b3419b92bfe"
    },
    "evalplus_repair_164": {
      "tasks": 164,
      "bundles_verified": 164,
      "rounds_per_task": 4,
      "initial_tasks_with_passing_candidate": 46,
      "final_solved": 72.0,
      "summary_sha256": "62932a96299e29ffb8562b568b764ceabea489eeee7a9b952a92d6240eedffd6"
    },
    "evalplus_paired_comparison": {
      "paired_tasks": 164,
      "repair_minus_frozen_pass_at_1": -0.08536585365853659,
      "paired_bootstrap_95ci": [
        -0.17682926829268292,
        0.006097560975609756
      ],
      "bootstrap_replicates": 10000,
      "bootstrap_seed": 1701,
      "repair_only_pass": 24,
      "frozen_only_pass": 38,
      "mcnemar_exact_pvalue": 0.09795444051950736,
      "scope": "Historical heuristic diagnostic; no learned PBPF efficacy claim."
    },
    "legacy_exact_smoke": {
      "bundle_verified": true,
      "rounds": 4,
      "final_pass_at_1": 0.0,
      "manifest_sha256": "92b02b0c2a402efc9ebc6961bb737c415e1b4ef4e7b89257f8fc378e8ceeeb94"
    },
    "legacy_rbr_6581": {
      "bundle_verified": true,
      "rounds": 4,
      "final_pass_at_1": 0.0,
      "manifest_sha256": "061293e94091fffedd102609c4a07a4e7c38be89b4d875f3c818ca4791230a9d"
    },
    "finite_contract": {
      "cases": 60000,
      "splits": {
        "train": 50000,
        "development": 5000,
        "test": 5000
      },
      "test_gate": {
        "median_kl": 2.1084183269785273,
        "relative_future_nll_gap": 0.03362606442101663,
        "hpd_coverage": 0.7994,
        "passes": false
      },
      "scope": "Standalone local generator using repository finite audit; not a sealed formal run."
    },
    "selector_bank_audit": {
      "matches_committed_audit": true,
      "decision": {
        "bank_identifies_pbpf_beyond_visible_pass_rate": false,
        "status": "saturated-baseline-no-pbpf-selector-test"
      },
      "source_files": {
        "bank.jsonl": "a41b71d4e60a6758baeb0f5eb5e31760052d263c78544e616cf5fad51265e758",
        "bank.npz": "97af7eefcca496c0dbe732b18c9cc31ad75054a445b729803ac9533a5760616a",
        "sidecar.json": "f1619b7a38b5de0fb8483c951d03c93b0f144443c1e85ea62e47b2f8be31f706"
      }
    },
    "evalplus_evaluator_positive_control": {
      "passed": 164,
      "total": 164
    }
  },
  "pending": []
}
{
  "status": "all_available_experiments_completed",
  "tests_passed": 674,
  "evalplus_tasks": 328,
  "artifact_files": 6484,
  "formal_matrix": "blocked before execution"
}
